1..919
ok 1 - test-arm-math-exp-regress-1376.js
  ---
  duration_ms: 0.139
  ...
ok 2 - test-assert.js
  ---
  duration_ms: 0.211
  ...
ok 3 - test-bad-unicode.js
  ---
  duration_ms: 0.136
  ...
ok 4 - test-beforeexit-event.js
  ---
  duration_ms: 0.169
  ...
ok 5 - test-beforeexit-event-exit.js
  ---
  duration_ms: 0.136
  ...
ok 6 - test-buffer.js
  ---
  duration_ms: 0.170
  ...
ok 7 - test-buffer-arraybuffer.js
  ---
  duration_ms: 0.169
  ...
ok 8 - test-buffer-ascii.js
  ---
  duration_ms: 0.136
  ...
ok 9 - test-buffer-bytelength.js
  ---
  duration_ms: 0.169
  ...
ok 10 - test-buffer-concat.js
  ---
  duration_ms: 0.169
  ...
ok 11 - test-buffer-fakes.js
  ---
  duration_ms: 0.136
  ...
ok 12 - test-buffer-indexof.js
  ---
  duration_ms: 0.136
  ...
ok 13 - test-buffer-inspect.js
  ---
  duration_ms: 0.136
  ...
ok 14 - test-buffer-iterator.js
  ---
  duration_ms: 0.170
  ...
ok 15 - test-c-ares.js
  ---
  duration_ms: 0.136
  ...
ok 16 - test-child-process-buffering.js # TODO : Fix flaky test
  ---
  duration_ms: 0.169
  ...
ok 17 - test-child-process-constructor.js
  ---
  duration_ms: 0.171
  ...
ok 18 - test-child-process-cwd.js
  ---
  duration_ms: 0.169
  ...
ok 19 - test-child-process-default-options.js
  ---
  duration_ms: 0.170
  ...
ok 20 - test-child-process-detached.js
  ---
  duration_ms: 0.328
  ...
ok 21 - test-child-process-disconnect.js
  ---
  duration_ms: 0.328
  ...
ok 22 - test-child-process-double-pipe.js
  ---
  duration_ms: 0.172
  ...
ok 23 - test-child-process-env.js
  ---
  duration_ms: 0.169
  ...
ok 24 - test-child-process-exec-buffer.js
  ---
  duration_ms: 0.211
  ...
ok 25 - test-child-process-exec-cwd.js
  ---
  duration_ms: 0.170
  ...
ok 26 - test-child-process-exec-env.js
  ---
  duration_ms: 0.169
  ...
ok 27 - test-child-process-exec-error.js
  ---
  duration_ms: 0.170
  ...
ok 28 - test-child-process-exit-code.js # TODO : Fix flaky test
  ---
  duration_ms: 0.408
  ...
ok 29 - test-child-process-fork.js
  ---
  duration_ms: 0.262
  ...
ok 30 - test-child-process-fork-and-spawn.js
  ---
  duration_ms: 0.408
  ...
ok 31 - test-child-process-fork-close.js
  ---
  duration_ms: 0.328
  ...
ok 32 - test-child-process-fork-dgram.js
  ---
  duration_ms: 0.327
  ...
ok 33 - test-child-process-fork-exec-argv.js
  ---
  duration_ms: 0.408
  ...
ok 34 - test-child-process-fork-exec-path.js
  ---
  duration_ms: 0.327
  ...
ok 35 - test-child-process-fork-net.js
  ---
  duration_ms: 0.329
  ...
ok 36 - test-child-process-fork-net2.js
  ---
  duration_ms: 0.508
  ...
ok 37 - test-child-process-fork-ref.js
  ---
  duration_ms: 0.609
  ...
ok 38 - test-child-process-fork-ref2.js
  ---
  duration_ms: 0.809
  ...
ok 39 - test-child-process-fork3.js
  ---
  duration_ms: 0.264
  ...
ok 40 - test-child-process-internal.js
  ---
  duration_ms: 0.263
  ...
ok 41 - test-child-process-ipc.js
  ---
  duration_ms: 0.330
  ...
ok 42 - test-child-process-kill.js
  ---
  duration_ms: 0.169
  ...
ok 43 - test-child-process-recv-handle.js
  ---
  duration_ms: 0.328
  ...
ok 44 - test-child-process-send-utf8.js
  ---
  duration_ms: 0.327
  ...
ok 45 - test-child-process-set-blocking.js
  ---
  duration_ms: 0.170
  ...
ok 46 - test-child-process-silent.js
  ---
  duration_ms: 0.509
  ...
ok 47 - test-child-process-spawn-error.js
  ---
  duration_ms: 0.169
  ...
ok 48 - test-child-process-spawn-typeerror.js
  ---
  duration_ms: 0.171
  ...
ok 49 - test-child-process-spawnsync.js
  ---
  duration_ms: 0.170
  ...
ok 50 - test-child-process-spawnsync-env.js
  ---
  duration_ms: 0.328
  ...
ok 51 - test-child-process-spawnsync-input.js
  ---
  duration_ms: 1.9
  ...
ok 52 - test-child-process-spawnsync-timeout.js
  ---
  duration_ms: 0.508
  ...
ok 53 - test-child-process-stdin.js
  ---
  duration_ms: 0.170
  ...
ok 54 - test-child-process-stdin-ipc.js
  ---
  duration_ms: 0.263
  ...
ok 55 - test-child-process-stdio.js
  ---
  duration_ms: 0.212
  ...
ok 56 - test-child-process-stdio-big-write-end.js
  ---
  duration_ms: 0.327
  ...
ok 57 - test-child-process-stdio-inherit.js
  ---
  duration_ms: 0.327
  ...
ok 58 - test-child-process-stdout-flush.js
  ---
  duration_ms: 0.409
  ...
ok 59 - test-child-process-stdout-flush-exit.js
  ---
  duration_ms: 0.327
  ...
ok 60 - test-child-process-validate-stdio.js
  ---
  duration_ms: 0.169
  ...
ok 61 - test-cli-eval.js
  ---
  duration_ms: 1.16
  ...
ok 62 - test-cli-eval-event.js
  ---
  duration_ms: 0.263
  ...
ok 63 - test-cluster-basic.js
  ---
  duration_ms: 0.408
  ...
ok 64 - test-cluster-bind-privileged-port.js
  ---
  duration_ms: 0.327
  ...
ok 65 - test-cluster-bind-twice.js
  ---
  duration_ms: 0.611
  ...
ok 66 - test-cluster-debug-port.js
  ---
  duration_ms: 0.408
  ...
ok 67 - test-cluster-dgram-1.js
  ---
  duration_ms: 0.508
  ...
ok 68 - test-cluster-dgram-2.js
  ---
  duration_ms: 0.509
  ...
ok 69 - test-cluster-disconnect.js
  ---
  duration_ms: 1.317
  ...
ok 70 - test-cluster-disconnect-before-exit.js
  ---
  duration_ms: 0.262
  ...
ok 71 - test-cluster-disconnect-idle-worker.js
  ---
  duration_ms: 0.328
  ...
ok 72 - test-cluster-disconnect-unshared-tcp.js
  ---
  duration_ms: 0.408
  ...
ok 73 - test-cluster-disconnect-unshared-udp.js
  ---
  duration_ms: 0.408
  ...
ok 74 - test-cluster-disconnect-with-no-workers.js
  ---
  duration_ms: 0.169
  ...
ok 75 - test-cluster-eaccess.js
  ---
  duration_ms: 0.508
  ...
ok 76 - test-cluster-eaddrinuse.js
  ---
  duration_ms: 0.327
  ...
ok 77 - test-cluster-fork-env.js
  ---
  duration_ms: 0.262
  ...
ok 78 - test-cluster-http-pipe.js
  ---
  duration_ms: 0.408
  ...
ok 79 - test-cluster-master-error.js
  ---
  duration_ms: 0.709
  ...
ok 80 - test-cluster-master-kill.js
  ---
  duration_ms: 1.710
  ...
ok 81 - test-cluster-message.js
  ---
  duration_ms: 0.327
  ...
ok 82 - test-cluster-net-listen.js
  ---
  duration_ms: 0.328
  ...
ok 83 - test-cluster-net-send.js
  ---
  duration_ms: 0.327
  ...
ok 84 - test-cluster-rr-domain-listen.js
  ---
  duration_ms: 0.328
  ...
ok 85 - test-cluster-rr-ref.js
  ---
  duration_ms: 0.328
  ...
ok 86 - test-cluster-send-deadlock.js
  ---
  duration_ms: 0.409
  ...
ok 87 - test-cluster-send-handle-twice.js
  ---
  duration_ms: 0.408
  ...
ok 88 - test-cluster-setup-master.js
  ---
  duration_ms: 0.409
  ...
ok 89 - test-cluster-setup-master-argv.js
  ---
  duration_ms: 0.138
  ...
ok 90 - test-cluster-setup-master-cumulative.js
  ---
  duration_ms: 0.136
  ...
ok 91 - test-cluster-setup-master-emit.js
  ---
  duration_ms: 0.169
  ...
ok 92 - test-cluster-setup-master-multiple.js
  ---
  duration_ms: 0.609
  ...
ok 93 - test-cluster-shared-handle-bind-error.js
  ---
  duration_ms: 0.327
  ...
ok 94 - test-cluster-shared-handle-bind-privileged-port.js
  ---
  duration_ms: 0.327
  ...
ok 95 - test-cluster-uncaught-exception.js
  ---
  duration_ms: 0.327
  ...
ok 96 - test-cluster-worker-constructor.js
  ---
  duration_ms: 0.136
  ...
ok 97 - test-cluster-worker-death.js
  ---
  duration_ms: 0.262
  ...
ok 98 - test-cluster-worker-destroy.js
  ---
  duration_ms: 0.328
  ...
ok 99 - test-cluster-worker-disconnect.js
  ---
  duration_ms: 0.328
  ...
ok 100 - test-cluster-worker-events.js
  ---
  duration_ms: 0.327
  ...
ok 101 - test-cluster-worker-exit.js
  ---
  duration_ms: 0.408
  ...
ok 102 - test-cluster-worker-forced-exit.js # TODO : Fix flaky test
  ---
  duration_ms: 0.330
  ...
ok 103 - test-cluster-worker-init.js
  ---
  duration_ms: 0.327
  ...
ok 104 - test-cluster-worker-isconnected.js
  ---
  duration_ms: 0.327
  ...
ok 105 - test-cluster-worker-isdead.js
  ---
  duration_ms: 0.263
  ...
ok 106 - test-cluster-worker-kill.js
  ---
  duration_ms: 0.328
  ...
ok 107 - test-cluster-worker-no-exit.js
  ---
  duration_ms: 1.410
  ...
ok 108 - test-cluster-worker-wait-server-close.js
  ---
  duration_ms: 1.410
  ...
ok 109 - test-common.js
  ---
  duration_ms: 0.136
  ...
ok 110 - test-console.js
  ---
  duration_ms: 0.169
  ...
ok 111 - test-console-instance.js
  ---
  duration_ms: 0.169
  ...
ok 112 - test-console-not-call-toString.js
  ---
  duration_ms: 0.169
  ...
ok 113 - test-crypto.js
  ---
  duration_ms: 0.211
  ...
ok 114 - test-crypto-authenticated.js
  ---
  duration_ms: 0.169
  ...
ok 115 - test-crypto-binary-default.js
  ---
  duration_ms: 0.327
  ...
ok 116 - test-crypto-certificate.js
  ---
  duration_ms: 0.136
  ...
ok 117 - test-crypto-cipher-decipher.js
  ---
  duration_ms: 0.170
  ...
ok 118 - test-crypto-dh.js
  ---
  duration_ms: 0.262
  ...
ok 119 - test-crypto-dh-odd-key.js
  ---
  duration_ms: 0.136
  ...
ok 120 - test-crypto-domain.js
  ---
  duration_ms: 0.169
  ...
ok 121 - test-crypto-domains.js
  ---
  duration_ms: 0.169
  ...
ok 122 - test-crypto-ecb.js
  ---
  duration_ms: 0.169
  ...
ok 123 - test-crypto-from-binary.js
  ---
  duration_ms: 0.264
  ...
ok 124 - test-crypto-hash.js
  ---
  duration_ms: 0.170
  ...
ok 125 - test-crypto-hash-stream-pipe.js
  ---
  duration_ms: 0.170
  ...
ok 126 - test-crypto-hmac.js
  ---
  duration_ms: 0.211
  ...
ok 127 - test-crypto-padding.js
  ---
  duration_ms: 0.170
  ...
ok 128 - test-crypto-padding-aes256.js
  ---
  duration_ms: 0.169
  ...
ok 129 - test-crypto-pbkdf2.js
  ---
  duration_ms: 0.169
  ...
ok 130 - test-crypto-random.js
  ---
  duration_ms: 0.169
  ...
ok 131 - test-crypto-rsa-dsa.js
  ---
  duration_ms: 0.211
  ...
ok 132 - test-crypto-sign-verify.js
  ---
  duration_ms: 0.169
  ...
ok 133 - test-crypto-stream.js
  ---
  duration_ms: 0.170
  ...
ok 134 - test-crypto-verify-failure.js
  ---
  duration_ms: 0.211
  ...
ok 135 - test-cwd-enoent.js
  ---
  duration_ms: 0.263
  ...
ok 136 - test-cwd-enoent-preload.js
  ---
  duration_ms: 0.327
  ...
ok 137 - test-cwd-enoent-repl.js
  ---
  duration_ms: 0.327
  ...
ok 138 - test-debug-port-cluster.js
  ---
  duration_ms: 0.709
  ...
ok 139 - test-debug-port-from-cmdline.js
  ---
  duration_ms: 0.408
  ...
ok 140 - test-debug-signal-cluster.js
  ---
  duration_ms: 0.709
  ...
ok 141 - test-delayed-require.js
  ---
  duration_ms: 0.212
  ...
ok 142 - test-dgram-address.js
  ---
  duration_ms: 0.169
  ...
ok 143 - test-dgram-bind.js
  ---
  duration_ms: 0.170
  ...
ok 144 - test-dgram-bind-default-address.js
  ---
  duration_ms: 0.171
  ...
ok 145 - test-dgram-bind-shared-ports.js
  ---
  duration_ms: 0.508
  ...
ok 146 - test-dgram-bytes-length.js
  ---
  duration_ms: 0.136
  ...
ok 147 - test-dgram-close.js
  ---
  duration_ms: 0.169
  ...
ok 148 - test-dgram-close-is-not-callback.js
  ---
  duration_ms: 0.136
  ...
ok 149 - test-dgram-empty-packet.js
  ---
  duration_ms: 0.169
  ...
ok 150 - test-dgram-error-message-address.js
  ---
  duration_ms: 0.169
  ...
ok 151 - test-dgram-exclusive-implicit-bind.js
  ---
  duration_ms: 0.509
  ...
ok 152 - test-dgram-implicit-bind.js
  ---
  duration_ms: 0.171
  ...
ok 153 - test-dgram-listen-after-bind.js
  ---
  duration_ms: 0.136
  ...
ok 154 - test-dgram-msgsize.js
  ---
  duration_ms: 0.169
  ...
ok 155 - test-dgram-multicast-setTTL.js
  ---
  duration_ms: 0.136
  ...
ok 156 - test-dgram-oob-buffer.js
  ---
  duration_ms: 0.169
  ...
ok 157 - test-dgram-pingpong.js
  ---
  duration_ms: 0.408
  ...
ok 158 - test-dgram-ref.js
  ---
  duration_ms: 0.136
  ...
ok 159 - test-dgram-regress-4496.js
  ---
  duration_ms: 0.137
  ...
ok 160 - test-dgram-send-bad-arguments.js
  ---
  duration_ms: 0.137
  ...
ok 161 - test-dgram-send-callback-buffer-length.js
  ---
  duration_ms: 0.211
  ...
ok 162 - test-dgram-send-callback-recursive.js
  ---
  duration_ms: 0.213
  ...
ok 163 - test-dgram-send-empty-buffer.js
  ---
  duration_ms: 0.235
  ...
ok 164 - test-dgram-setTTL.js
  ---
  duration_ms: 0.170
  ...
ok 165 - test-dgram-udp4.js
  ---
  duration_ms: 0.172
  ...
ok 166 - test-dgram-unref.js
  ---
  duration_ms: 0.211
  ...
ok 167 - test-dh-padding.js
  ---
  duration_ms: 0.169
  ...
ok 168 - test-dns.js
  ---
  duration_ms: 0.170
  ...
ok 169 - test-dns-cares-domains.js
  ---
  duration_ms: 0.211
  ...
ok 170 - test-dns-lookup-cb-error.js
  ---
  duration_ms: 0.136
  ...
ok 171 - test-dns-regress-6244.js
  ---
  duration_ms: 0.170
  ...
ok 172 - test-dns-regress-7070.js
  ---
  duration_ms: 0.136
  ...
ok 173 - test-domain.js
  ---
  duration_ms: 0.327
  ...
ok 174 - test-domain-abort-on-uncaught.js
  ---
  duration_ms: 0.211
  ...
ok 175 - test-domain-crypto.js
  ---
  duration_ms: 0.136
  ...
ok 176 - test-domain-enter-exit.js
  ---
  duration_ms: 0.136
  ...
ok 177 - test-domain-exit-dispose.js
  ---
  duration_ms: 0.408
  ...
ok 178 - test-domain-exit-dispose-again.js
  ---
  duration_ms: 0.409
  ...
ok 179 - test-domain-from-timer.js
  ---
  duration_ms: 0.169
  ...
ok 180 - test-domain-http-server.js
  ---
  duration_ms: 0.263
  ...
ok 181 - test-domain-implicit-fs.js
  ---
  duration_ms: 0.263
  ...
ok 182 - test-domain-multi.js
  ---
  duration_ms: 0.211
  ...
ok 183 - test-domain-nested.js
  ---
  duration_ms: 0.136
  ...
ok 184 - test-domain-nested-throw.js
  ---
  duration_ms: 0.508
  ...
ok 185 - test-domain-safe-exit.js
  ---
  duration_ms: 0.136
  ...
ok 186 - test-domain-stack.js
  ---
  duration_ms: 0.211
  ...
ok 187 - test-domain-timers.js
  ---
  duration_ms: 0.171
  ...
ok 188 - test-error-reporting.js
  ---
  duration_ms: 0.408
  ...
ok 189 - test-eval.js
  ---
  duration_ms: 0.327
  ...
ok 190 - test-eval-require.js
  ---
  duration_ms: 0.327
  ...
ok 191 - test-event-emitter-add-listeners.js
  ---
  duration_ms: 0.136
  ...
ok 192 - test-event-emitter-check-listener-leaks.js
  ---
  duration_ms: 0.136
  ...
ok 193 - test-event-emitter-errors.js
  ---
  duration_ms: 0.136
  ...
ok 194 - test-event-emitter-get-max-listeners.js
  ---
  duration_ms: 0.137
  ...
ok 195 - test-event-emitter-listener-count.js
  ---
  duration_ms: 0.136
  ...
ok 196 - test-event-emitter-listeners.js
  ---
  duration_ms: 0.136
  ...
ok 197 - test-event-emitter-listeners-side-effects.js
  ---
  duration_ms: 0.136
  ...
ok 198 - test-event-emitter-max-listeners.js
  ---
  duration_ms: 0.211
  ...
ok 199 - test-event-emitter-method-names.js
  ---
  duration_ms: 0.169
  ...
ok 200 - test-event-emitter-modify-in-emit.js
  ---
  duration_ms: 0.172
  ...
ok 201 - test-event-emitter-no-error-provided-to-error-event.js
  ---
  duration_ms: 0.169
  ...
ok 202 - test-event-emitter-num-args.js
  ---
  duration_ms: 0.136
  ...
ok 203 - test-event-emitter-once.js
  ---
  duration_ms: 0.169
  ...
ok 204 - test-event-emitter-remove-all-listeners.js
  ---
  duration_ms: 0.169
  ...
ok 205 - test-event-emitter-remove-listeners.js
  ---
  duration_ms: 0.136
  ...
ok 206 - test-event-emitter-set-max-listeners-side-effects.js
  ---
  duration_ms: 0.169
  ...
ok 207 - test-event-emitter-subclass.js
  ---
  duration_ms: 0.136
  ...
ok 208 - test-exception-handler.js
  ---
  duration_ms: 0.170
  ...
ok 209 - test-exception-handler2.js
  ---
  duration_ms: 0.709
  ...
ok 210 - test-exec-max-buffer.js
  ---
  duration_ms: 0.170
  ...
ok 211 - test-file-read-noexist.js
  ---
  duration_ms: 0.136
  ...
ok 212 - test-file-write-stream.js
  ---
  duration_ms: 0.170
  ...
ok 213 - test-file-write-stream2.js
  ---
  duration_ms: 0.170
  ...
ok 214 - test-file-write-stream3.js
  ---
  duration_ms: 0.169
  ...
ok 215 - test-freelist.js
  ---
  duration_ms: 0.136
  ...
ok 216 - test-fs-access.js
  ---
  duration_ms: 0.136
  ...
ok 217 - test-fs-append-file.js
  ---
  duration_ms: 0.169
  ...
ok 218 - test-fs-append-file-sync.js
  ---
  duration_ms: 0.169
  ...
ok 219 - test-fs-chmod.js
  ---
  duration_ms: 0.169
  ...
ok 220 - test-fs-empty-readStream.js
  ---
  duration_ms: 0.263
  ...
ok 221 - test-fs-error-messages.js
  ---
  duration_ms: 0.169
  ...
ok 222 - test-fs-exists.js
  ---
  duration_ms: 0.136
  ...
ok 223 - test-fs-fsync.js
  ---
  duration_ms: 0.169
  ...
ok 224 - test-fs-long-path.js
  ---
  duration_ms: 0.169
  ...
ok 225 - test-fs-make-callback.js
  ---
  duration_ms: 0.136
  ...
ok 226 - test-fs-mkdir.js
  ---
  duration_ms: 0.170
  ...
ok 227 - test-fs-non-number-arguments-throw.js
  ---
  duration_ms: 0.136
  ...
ok 228 - test-fs-null-bytes.js
  ---
  duration_ms: 0.169
  ...
ok 229 - test-fs-open.js
  ---
  duration_ms: 0.170
  ...
ok 230 - test-fs-open-flags.js
  ---
  duration_ms: 0.136
  ...
ok 231 - test-fs-read.js
  ---
  duration_ms: 0.136
  ...
ok 232 - test-fs-read-buffer.js
  ---
  duration_ms: 0.169
  ...
ok 233 - test-fs-read-file-sync.js
  ---
  duration_ms: 0.136
  ...
ok 234 - test-fs-read-file-sync-hostname.js
  ---
  duration_ms: 0.169
  ...
ok 235 - test-fs-read-stream.js
  ---
  duration_ms: 0.211
  ...
ok 236 - test-fs-read-stream-encoding.js
  ---
  duration_ms: 0.170
  ...
ok 237 - test-fs-read-stream-err.js
  ---
  duration_ms: 0.169
  ...
ok 238 - test-fs-read-stream-fd.js
  ---
  duration_ms: 0.173
  ...
ok 239 - test-fs-read-stream-fd-leak.js
  ---
  duration_ms: 0.811
  ...
ok 240 - test-fs-read-stream-inherit.js
  ---
  duration_ms: 0.169
  ...
ok 241 - test-fs-read-stream-resume.js
  ---
  duration_ms: 0.327
  ...
ok 242 - test-fs-read-stream-throw-type-error.js
  ---
  duration_ms: 0.169
  ...
ok 243 - test-fs-readfile-empty.js
  ---
  duration_ms: 0.136
  ...
ok 244 - test-fs-readfile-error.js
  ---
  duration_ms: 0.328
  ...
ok 245 - test-fs-readfile-pipe.js
  ---
  duration_ms: 0.327
  ...
ok 246 - test-fs-readfile-pipe-large.js
  ---
  duration_ms: 0.327
  ...
ok 247 - test-fs-readfile-unlink.js
  ---
  duration_ms: 0.137
  ...
ok 248 - test-fs-readfile-zero-byte-liar.js
  ---
  duration_ms: 0.136
  ...
ok 249 - test-fs-readfilesync-pipe-large.js
  ---
  duration_ms: 0.409
  ...
ok 250 - test-fs-realpath.js
  ---
  duration_ms: 0.169
  ...
ok 251 - test-fs-sir-writes-alot.js
  ---
  duration_ms: 0.327
  ...
ok 252 - test-fs-stat.js
  ---
  duration_ms: 0.170
  ...
ok 253 - test-fs-stream-double-close.js
  ---
  duration_ms: 0.169
  ...
ok 254 - test-fs-symlink.js
  ---
  duration_ms: 0.136
  ...
ok 255 - test-fs-symlink-dir-junction.js
  ---
  duration_ms: 0.169
  ...
ok 256 - test-fs-symlink-dir-junction-relative.js
  ---
  duration_ms: 0.136
  ...
ok 257 - test-fs-sync-fd-leak.js
  ---
  duration_ms: 0.137
  ...
ok 258 - test-fs-truncate.js
  ---
  duration_ms: 0.136
  ...
ok 259 - test-fs-truncate-GH-6233.js
  ---
  duration_ms: 0.169
  ...
ok 260 - test-fs-truncate-fd.js
  ---
  duration_ms: 0.137
  ...
ok 261 - test-fs-utimes.js
  ---
  duration_ms: 0.213
  ...
ok 262 - test-fs-watchfile.js
  ---
  duration_ms: 0.169
  ...
ok 263 - test-fs-write.js
  ---
  duration_ms: 0.136
  ...
ok 264 - test-fs-write-buffer.js
  ---
  duration_ms: 0.170
  ...
ok 265 - test-fs-write-file.js
  ---
  duration_ms: 0.137
  ...
ok 266 - test-fs-write-file-buffer.js
  ---
  duration_ms: 0.170
  ...
ok 267 - test-fs-write-file-sync.js
  ---
  duration_ms: 0.136
  ...
ok 268 - test-fs-write-no-fd.js
  ---
  duration_ms: 0.136
  ...
ok 269 - test-fs-write-stream.js
  ---
  duration_ms: 0.136
  ...
ok 270 - test-fs-write-stream-change-open.js
  ---
  duration_ms: 0.137
  ...
ok 271 - test-fs-write-stream-encoding.js
  ---
  duration_ms: 0.170
  ...
ok 272 - test-fs-write-stream-end.js
  ---
  duration_ms: 0.169
  ...
ok 273 - test-fs-write-stream-err.js
  ---
  duration_ms: 0.169
  ...
ok 274 - test-fs-write-stream-throw-type-error.js
  ---
  duration_ms: 0.136
  ...
ok 275 - test-fs-write-string-coerce.js
  ---
  duration_ms: 0.136
  ...
ok 276 - test-fs-write-sync.js
  ---
  duration_ms: 0.136
  ...
ok 277 - test-global.js
  ---
  duration_ms: 0.136
  ...
ok 278 - test-handle-wrap-close-abort.js
  ---
  duration_ms: 0.136
  ...
ok 279 - test-http.js
  ---
  duration_ms: 0.263
  ...
ok 280 - test-http-1.0.js
  ---
  duration_ms: 0.211
  ...
ok 281 - test-http-1.0-keep-alive.js
  ---
  duration_ms: 0.211
  ...
ok 282 - test-http-304.js
  ---
  duration_ms: 0.210
  ...
ok 283 - test-http-abort-before-end.js
  ---
  duration_ms: 0.169
  ...
ok 284 - test-http-abort-client.js
  ---
  duration_ms: 0.211
  ...
ok 285 - test-http-abort-queued.js
  ---
  duration_ms: 0.328
  ...
ok 286 - test-http-after-connect.js
  ---
  duration_ms: 0.263
  ...
ok 287 - test-http-agent.js
  ---
  duration_ms: 0.327
  ...
ok 288 - test-http-agent-destroyed-socket.js
  ---
  duration_ms: 0.211
  ...
ok 289 - test-http-agent-false.js
  ---
  duration_ms: 0.169
  ...
ok 290 - test-http-agent-getname.js
  ---
  duration_ms: 0.137
  ...
ok 291 - test-http-agent-keepalive.js
  ---
  duration_ms: 0.509
  ...
ok 292 - test-http-agent-maxsockets.js
  ---
  duration_ms: 0.211
  ...
ok 293 - test-http-agent-no-protocol.js
  ---
  duration_ms: 0.211
  ...
ok 294 - test-http-agent-null.js
  ---
  duration_ms: 0.211
  ...
ok 295 - test-http-allow-req-after-204-res.js
  ---
  duration_ms: 0.211
  ...
ok 296 - test-http-automatic-headers.js
  ---
  duration_ms: 0.169
  ...
ok 297 - test-http-bind-twice.js
  ---
  duration_ms: 0.170
  ...
ok 298 - test-http-blank-header.js
  ---
  duration_ms: 0.169
  ...
ok 299 - test-http-buffer-sanity.js
  ---
  duration_ms: 0.508
  ...
ok 300 - test-http-byteswritten.js
  ---
  duration_ms: 0.263
  ...
ok 301 - test-http-chunked.js
  ---
  duration_ms: 0.211
  ...
ok 302 - test-http-chunked-304.js
  ---
  duration_ms: 0.211
  ...
ok 303 - test-http-client-abort.js
  ---
  duration_ms: 0.211
  ...
ok 304 - test-http-client-abort-event.js
  ---
  duration_ms: 0.169
  ...
ok 305 - test-http-client-abort2.js
  ---
  duration_ms: 0.211
  ...
ok 306 - test-http-client-agent.js
  ---
  duration_ms: 0.327
  ...
ok 307 - test-http-client-default-headers-exist.js
  ---
  duration_ms: 0.211
  ...
ok 308 - test-http-client-encoding.js
  ---
  duration_ms: 0.211
  ...
ok 309 - test-http-client-get-url.js
  ---
  duration_ms: 0.211
  ...
ok 310 - test-http-client-parse-error.js
  ---
  duration_ms: 0.170
  ...
ok 311 - test-http-client-pipe-end.js
  ---
  duration_ms: 0.211
  ...
ok 312 - test-http-client-race.js
  ---
  duration_ms: 0.211
  ...
ok 313 - test-http-client-race-2.js
  ---
  duration_ms: 0.809
  ...
ok 314 - test-http-client-read-in-error.js
  ---
  duration_ms: 0.170
  ...
ok 315 - test-http-client-readable.js
  ---
  duration_ms: 0.169
  ...
ok 316 - test-http-client-response-domain.js
  ---
  duration_ms: 0.169
  ...
ok 317 - test-http-client-timeout.js
  ---
  duration_ms: 0.211
  ...
ok 318 - test-http-client-timeout-agent.js
  ---
  duration_ms: 0.508
  ...
ok 319 - test-http-client-timeout-event.js # TODO : Fix flaky test
  ---
  duration_ms: 0.327
  ...
ok 320 - test-http-client-timeout-with-data.js
  ---
  duration_ms: 0.328
  ...
ok 321 - test-http-client-unescaped-path.js
  ---
  duration_ms: 0.170
  ...
ok 322 - test-http-client-upload.js
  ---
  duration_ms: 0.211
  ...
ok 323 - test-http-client-upload-buf.js
  ---
  duration_ms: 0.210
  ...
ok 324 - test-http-conn-reset.js
  ---
  duration_ms: 0.211
  ...
ok 325 - test-http-connect.js
  ---
  duration_ms: 0.211
  ...
ok 326 - test-http-content-length.js
  ---
  duration_ms: 0.212
  ...
ok 327 - test-http-contentLength0.js
  ---
  duration_ms: 0.169
  ...
ok 328 - test-http-createConnection.js
  ---
  duration_ms: 0.170
  ...
ok 329 - test-http-curl-chunk-problem.js
  ---
  duration_ms: 0.327
  ...
ok 330 - test-http-date-header.js
  ---
  duration_ms: 0.212
  ...
ok 331 - test-http-default-encoding.js
  ---
  duration_ms: 0.212
  ...
ok 332 - test-http-default-port.js
  ---
  duration_ms: 0.263
  ...
ok 333 - test-http-destroyed-socket-write2.js
  ---
  duration_ms: 0.263
  ...
ok 334 - test-http-dns-error.js
  ---
  duration_ms: 0.263
  ...
ok 335 - test-http-end-throw-socket-handling.js
  ---
  duration_ms: 0.211
  ...
ok 336 - test-http-eof-on-connect.js
  ---
  duration_ms: 0.211
  ...
ok 337 - test-http-exceptions.js
  ---
  duration_ms: 0.169
  ...
ok 338 - test-http-exit-delay.js
  ---
  duration_ms: 0.262
  ...
ok 339 - test-http-expect-continue.js
  ---
  duration_ms: 0.327
  ...
ok 340 - test-http-extra-response.js
  ---
  duration_ms: 0.170
  ...
ok 341 - test-http-flush.js
  ---
  duration_ms: 0.169
  ...
ok 342 - test-http-flush-headers.js
  ---
  duration_ms: 0.210
  ...
ok 343 - test-http-flush-response-headers.js
  ---
  duration_ms: 0.211
  ...
ok 344 - test-http-full-response.js
  ---
  duration_ms: 0.810
  ...
ok 345 - test-http-get-pipeline-problem.js
  ---
  duration_ms: 0.408
  ...
ok 346 - test-http-head-request.js
  ---
  duration_ms: 0.211
  ...
ok 347 - test-http-head-response-has-no-body.js
  ---
  duration_ms: 0.211
  ...
ok 348 - test-http-head-response-has-no-body-end.js
  ---
  duration_ms: 0.211
  ...
ok 349 - test-http-header-read.js
  ---
  duration_ms: 0.211
  ...
ok 350 - test-http-header-response-splitting.js
  ---
  duration_ms: 0.212
  ...
ok 351 - test-http-hex-write.js
  ---
  duration_ms: 0.212
  ...
ok 352 - test-http-host-headers.js
  ---
  duration_ms: 0.263
  ...
ok 353 - test-http-incoming-pipelined-socket-destroy.js
  ---
  duration_ms: 0.211
  ...
ok 354 - test-http-keep-alive.js
  ---
  duration_ms: 0.211
  ...
ok 355 - test-http-keep-alive-close-on-header.js
  ---
  duration_ms: 0.211
  ...
ok 356 - test-http-keepalive-client.js
  ---
  duration_ms: 0.262
  ...
ok 357 - test-http-keepalive-maxsockets.js
  ---
  duration_ms: 0.509
  ...
ok 358 - test-http-keepalive-request.js
  ---
  duration_ms: 0.263
  ...
ok 359 - test-http-legacy.js
  ---
  duration_ms: 0.408
  ...
ok 360 - test-http-localaddress.js
  ---
  duration_ms: 0.211
  ...
ok 361 - test-http-localaddress-bind-error.js
  ---
  duration_ms: 0.211
  ...
ok 362 - test-http-malformed-request.js
  ---
  duration_ms: 0.170
  ...
ok 363 - test-http-many-ended-pipelines.js
  ---
  duration_ms: 0.211
  ...
ok 364 - test-http-max-headers-count.js
  ---
  duration_ms: 0.263
  ...
ok 365 - test-http-methods.js
  ---
  duration_ms: 0.170
  ...
ok 366 - test-http-multi-line-headers.js
  ---
  duration_ms: 0.211
  ...
ok 367 - test-http-mutable-headers.js
  ---
  duration_ms: 0.211
  ...
ok 368 - test-http-no-content-length.js
  ---
  duration_ms: 0.169
  ...
ok 369 - test-http-outgoing-finish.js
  ---
  duration_ms: 0.211
  ...
ok 370 - test-http-parser.js
  ---
  duration_ms: 0.169
  ...
ok 371 - test-http-parser-bad-ref.js
  ---
  duration_ms: 0.211
  ...
ok 372 - test-http-parser-free.js
  ---
  duration_ms: 0.328
  ...
ok 373 - test-http-pause.js
  ---
  duration_ms: 0.509
  ...
ok 374 - test-http-pause-resume-one-end.js
  ---
  duration_ms: 0.210
  ...
ok 375 - test-http-pipe-fs.js
  ---
  duration_ms: 0.210
  ...
ok 376 - test-http-proxy.js
  ---
  duration_ms: 0.211
  ...
ok 377 - test-http-raw-headers.js
  ---
  duration_ms: 0.211
  ...
ok 378 - test-http-remove-header-stays-removed.js
  ---
  duration_ms: 0.212
  ...
ok 379 - test-http-request-dont-override-options.js
  ---
  duration_ms: 0.169
  ...
ok 380 - test-http-request-end.js
  ---
  duration_ms: 0.211
  ...
ok 381 - test-http-request-end-twice.js
  ---
  duration_ms: 0.211
  ...
ok 382 - test-http-request-methods.js
  ---
  duration_ms: 0.211
  ...
ok 383 - test-http-res-write-after-end.js
  ---
  duration_ms: 0.211
  ...
ok 384 - test-http-res-write-end-dont-take-array.js
  ---
  duration_ms: 0.211
  ...
ok 385 - test-http-response-close.js
  ---
  duration_ms: 0.211
  ...
ok 386 - test-http-response-no-headers.js
  ---
  duration_ms: 0.211
  ...
ok 387 - test-http-response-readable.js
  ---
  duration_ms: 0.211
  ...
ok 388 - test-http-response-status-message.js
  ---
  duration_ms: 0.211
  ...
ok 389 - test-http-server.js
  ---
  duration_ms: 0.211
  ...
ok 390 - test-http-server-multiheaders.js
  ---
  duration_ms: 0.211
  ...
ok 391 - test-http-server-multiheaders2.js
  ---
  duration_ms: 0.211
  ...
ok 392 - test-http-server-stale-close.js
  ---
  duration_ms: 0.328
  ...
ok 393 - test-http-server-unconsume.js
  ---
  duration_ms: 0.211
  ...
ok 394 - test-http-set-cookies.js
  ---
  duration_ms: 0.212
  ...
ok 395 - test-http-set-timeout.js
  ---
  duration_ms: 0.809
  ...
ok 396 - test-http-set-timeout-server.js
  ---
  duration_ms: 0.611
  ...
ok 397 - test-http-set-trailers.js
  ---
  duration_ms: 0.211
  ...
ok 398 - test-http-should-keep-alive.js
  ---
  duration_ms: 0.211
  ...
ok 399 - test-http-status-code.js
  ---
  duration_ms: 0.211
  ...
ok 400 - test-http-status-message.js
  ---
  duration_ms: 0.170
  ...
ok 401 - test-http-timeout.js
  ---
  duration_ms: 0.211
  ...
ok 402 - test-http-timeout-overflow.js
  ---
  duration_ms: 0.210
  ...
ok 403 - test-http-unix-socket.js
  ---
  duration_ms: 0.211
  ...
ok 404 - test-http-upgrade-agent.js
  ---
  duration_ms: 0.169
  ...
ok 405 - test-http-upgrade-client.js
  ---
  duration_ms: 0.211
  ...
ok 406 - test-http-upgrade-client2.js
  ---
  duration_ms: 0.211
  ...
ok 407 - test-http-upgrade-server.js
  ---
  duration_ms: 0.212
  ...
ok 408 - test-http-upgrade-server2.js
  ---
  duration_ms: 0.211
  ...
ok 409 - test-http-url.parse-auth.js
  ---
  duration_ms: 0.211
  ...
ok 410 - test-http-url.parse-auth-with-header-in-request.js
  ---
  duration_ms: 0.211
  ...
ok 411 - test-http-url.parse-basic.js
  ---
  duration_ms: 0.211
  ...
ok 412 - test-http-url.parse-https.request.js
  ---
  duration_ms: 0.262
  ...
ok 413 - test-http-url.parse-only-support-http-https-protocol.js
  ---
  duration_ms: 0.169
  ...
ok 414 - test-http-url.parse-path.js
  ---
  duration_ms: 0.211
  ...
ok 415 - test-http-url.parse-post.js
  ---
  duration_ms: 0.211
  ...
ok 416 - test-http-url.parse-search.js
  ---
  duration_ms: 0.211
  ...
ok 417 - test-http-wget.js
  ---
  duration_ms: 0.169
  ...
ok 418 - test-http-write-callbacks.js
  ---
  duration_ms: 0.328
  ...
ok 419 - test-http-write-empty-string.js
  ---
  duration_ms: 0.211
  ...
ok 420 - test-http-write-head.js
  ---
  duration_ms: 0.211
  ...
ok 421 - test-http-zero-length-write.js
  ---
  duration_ms: 0.211
  ...
ok 422 - test-https-agent.js
  ---
  duration_ms: 0.809
  ...
ok 423 - test-https-agent-servername.js
  ---
  duration_ms: 0.263
  ...
ok 424 - test-https-agent-session-reuse.js
  ---
  duration_ms: 0.263
  ...
ok 425 - test-https-byteswritten.js
  ---
  duration_ms: 0.263
  ...
ok 426 - test-https-client-checkServerIdentity.js
  ---
  duration_ms: 0.263
  ...
ok 427 - test-https-client-get-url.js
  ---
  duration_ms: 0.263
  ...
ok 428 - test-https-client-reject.js
  ---
  duration_ms: 0.327
  ...
ok 429 - test-https-client-resume.js
  ---
  duration_ms: 0.263
  ...
ok 430 - test-https-connecting-to-http.js
  ---
  duration_ms: 0.211
  ...
ok 431 - test-https-drain.js
  ---
  duration_ms: 0.409
  ...
ok 432 - test-https-eof-for-eom.js
  ---
  duration_ms: 0.409
  ...
ok 433 - test-https-foafssl.js
  ---
  duration_ms: 0.329
  ...
ok 434 - test-https-host-headers.js
  ---
  duration_ms: 0.328
  ...
ok 435 - test-https-localaddress.js
  ---
  duration_ms: 0.263
  ...
ok 436 - test-https-localaddress-bind-error.js
  ---
  duration_ms: 0.263
  ...
ok 437 - test-https-pfx.js
  ---
  duration_ms: 0.266
  ...
ok 438 - test-https-req-split.js
  ---
  duration_ms: 0.263
  ...
ok 439 - test-https-resume-after-renew.js
  ---
  duration_ms: 0.263
  ...
ok 440 - test-https-set-timeout-server.js
  ---
  duration_ms: 0.710
  ...
ok 441 - test-https-simple.js
  ---
  duration_ms: 0.263
  ...
ok 442 - test-https-socket-options.js
  ---
  duration_ms: 0.262
  ...
ok 443 - test-https-strict.js
  ---
  duration_ms: 0.408
  ...
ok 444 - test-https-timeout.js
  ---
  duration_ms: 0.263
  ...
ok 445 - test-https-timeout-server.js
  ---
  duration_ms: 0.262
  ...
ok 446 - test-https-timeout-server-2.js
  ---
  duration_ms: 0.262
  ...
ok 447 - test-https-truncate.js
  ---
  duration_ms: 0.263
  ...
ok 448 - test-internal-modules.js
  ---
  duration_ms: 0.136
  ...
ok 449 - test-internal-modules-expose.js
  ---
  duration_ms: 0.136
  ...
ok 450 - test-intl.js # skip Intl tests because Intl object not present.
  ---
  duration_ms: 0.169
  ...
ok 451 - test-listen-fd-cluster.js
  ---
  duration_ms: 0.508
  ...
ok 452 - test-listen-fd-detached.js
  ---
  duration_ms: 0.508
  ...
ok 453 - test-listen-fd-detached-inherit.js
  ---
  duration_ms: 0.509
  ...
ok 454 - test-listen-fd-ebadf.js
  ---
  duration_ms: 0.169
  ...
ok 455 - test-listen-fd-server.js
  ---
  duration_ms: 0.409
  ...
ok 456 - test-memory-usage.js
  ---
  duration_ms: 0.169
  ...
ok 457 - test-microtask-queue-integration.js
  ---
  duration_ms: 0.169
  ...
ok 458 - test-microtask-queue-integration-domain.js
  ---
  duration_ms: 0.169
  ...
ok 459 - test-microtask-queue-run.js
  ---
  duration_ms: 0.170
  ...
ok 460 - test-microtask-queue-run-domain.js
  ---
  duration_ms: 0.169
  ...
ok 461 - test-microtask-queue-run-immediate.js
  ---
  duration_ms: 0.169
  ...
ok 462 - test-microtask-queue-run-immediate-domain.js
  ---
  duration_ms: 0.136
  ...
ok 463 - test-module-globalpaths-nodepath.js
  ---
  duration_ms: 0.171
  ...
ok 464 - test-module-loading-error.js
  ---
  duration_ms: 0.136
  ...
ok 465 - test-module-nodemodulepaths.js
  ---
  duration_ms: 0.136
  ...
ok 466 - test-net-after-close.js
  ---
  duration_ms: 0.170
  ...
ok 467 - test-net-better-error-messages-listen.js
  ---
  duration_ms: 0.136
  ...
ok 468 - test-net-better-error-messages-listen-path.js
  ---
  duration_ms: 0.136
  ...
ok 469 - test-net-better-error-messages-path.js
  ---
  duration_ms: 0.170
  ...
ok 470 - test-net-better-error-messages-port.js
  ---
  duration_ms: 0.169
  ...
ok 471 - test-net-better-error-messages-port-hostname.js
  ---
  duration_ms: 0.169
  ...
ok 472 - test-net-binary.js
  ---
  duration_ms: 0.267
  ...
ok 473 - test-net-bind-twice.js
  ---
  duration_ms: 0.136
  ...
ok 474 - test-net-buffersize.js
  ---
  duration_ms: 0.169
  ...
ok 475 - test-net-bytes-stats.js
  ---
  duration_ms: 0.211
  ...
ok 476 - test-net-can-reset-timeout.js
  ---
  duration_ms: 0.328
  ...
ok 477 - test-net-connect-buffer.js
  ---
  duration_ms: 0.169
  ...
ok 478 - test-net-connect-handle-econnrefused.js
  ---
  duration_ms: 0.136
  ...
ok 479 - test-net-connect-immediate-destroy.js
  ---
  duration_ms: 0.136
  ...
ok 480 - test-net-connect-immediate-finish.js
  ---
  duration_ms: 0.408
  ...
ok 481 - test-net-connect-options.js
  ---
  duration_ms: 0.169
  ...
ok 482 - test-net-connect-options-ipv6.js
  ---
  duration_ms: 0.211
  ...
ok 483 - test-net-connect-paused-connection.js
  ---
  duration_ms: 0.169
  ...
ok 484 - test-net-create-connection.js
  ---
  duration_ms: 0.170
  ...
ok 485 - test-net-dns-custom-lookup.js
  ---
  duration_ms: 0.169
  ...
ok 486 - test-net-dns-error.js
  ---
  duration_ms: 0.170
  ...
ok 487 - test-net-dns-lookup.js
  ---
  duration_ms: 0.170
  ...
ok 488 - test-net-dns-lookup-skip.js
  ---
  duration_ms: 0.169
  ...
ok 489 - test-net-during-close.js
  ---
  duration_ms: 0.169
  ...
ok 490 - test-net-eaddrinuse.js
  ---
  duration_ms: 0.136
  ...
ok 491 - test-net-end-without-connect.js
  ---
  duration_ms: 0.136
  ...
ok 492 - test-net-error-twice.js
  ---
  duration_ms: 0.169
  ...
ok 493 - test-net-isip.js
  ---
  duration_ms: 0.136
  ...
ok 494 - test-net-keepalive.js
  ---
  duration_ms: 0.328
  ...
ok 495 - test-net-large-string.js
  ---
  duration_ms: 0.211
  ...
ok 496 - test-net-listen-close-server.js
  ---
  duration_ms: 0.173
  ...
ok 497 - test-net-listen-close-server-callback-is-not-function.js
  ---
  duration_ms: 0.169
  ...
ok 498 - test-net-listen-error.js
  ---
  duration_ms: 0.170
  ...
ok 499 - test-net-listen-fd0.js
  ---
  duration_ms: 0.136
  ...
ok 500 - test-net-listen-port-option.js
  ---
  duration_ms: 0.169
  ...
ok 501 - test-net-listen-shared-ports.js
  ---
  duration_ms: 0.508
  ...
ok 502 - test-net-local-address-port.js
  ---
  duration_ms: 0.211
  ...
ok 503 - test-net-localerror.js
  ---
  duration_ms: 0.170
  ...
ok 504 - test-net-pause-resume-connecting.js
  ---
  duration_ms: 0.329
  ...
ok 505 - test-net-persistent-keepalive.js
  ---
  duration_ms: 0.909
  ...
ok 506 - test-net-persistent-nodelay.js
  ---
  duration_ms: 0.212
  ...
ok 507 - test-net-persistent-ref-unref.js
  ---
  duration_ms: 0.220
  ...
ok 508 - test-net-pingpong.js
  ---
  duration_ms: 0.710
  ...
ok 509 - test-net-pipe-connect-errors.js
  ---
  duration_ms: 0.213
  ...
ok 510 - test-net-reconnect.js
  ---
  duration_ms: 0.330
  ...
ok 511 - test-net-reconnect-error.js
  ---
  duration_ms: 0.170
  ...
ok 512 - test-net-remote-address-port.js
  ---
  duration_ms: 0.266
  ...
ok 513 - test-net-server-close.js
  ---
  duration_ms: 0.270
  ...
ok 514 - test-net-server-connections.js
  ---
  duration_ms: 0.220
  ...
ok 515 - test-net-server-listen-remove-callback.js
  ---
  duration_ms: 0.268
  ...
ok 516 - test-net-server-max-connections.js
  ---
  duration_ms: 0.629
  ...
ok 517 - test-net-server-max-connections-close-makes-more-available.js
  ---
  duration_ms: 0.333
  ...
ok 518 - test-net-server-pause-on-connect.js
  ---
  duration_ms: 0.423
  ...
ok 519 - test-net-server-try-ports.js
  ---
  duration_ms: 0.264
  ...
ok 520 - test-net-server-unref.js
  ---
  duration_ms: 0.278
  ...
ok 521 - test-net-server-unref-persistent.js
  ---
  duration_ms: 0.355
  ...
ok 522 - test-net-settimeout.js
  ---
  duration_ms: 0.546
  ...
ok 523 - test-net-socket-destroy-twice.js
  ---
  duration_ms: 0.355
  ...
ok 524 - test-net-socket-local-address.js
  ---
  duration_ms: 0.414
  ...
ok 525 - test-net-socket-timeout.js
  ---
  duration_ms: 0.517
  ...
ok 526 - test-net-socket-timeout-unref.js
  ---
  duration_ms: 0.332
  ...
ok 527 - test-net-stream.js
  ---
  duration_ms: 0.415
  ...
ok 528 - test-net-write-after-close.js
  ---
  duration_ms: 0.726
  ...
ok 529 - test-net-write-connect-write.js
  ---
  duration_ms: 0.331
  ...
ok 530 - test-net-write-slow.js
  ---
  duration_ms: 1.13
  ...
ok 531 - test-next-tick.js
  ---
  duration_ms: 0.273
  ...
ok 532 - test-next-tick-doesnt-hang.js
  ---
  duration_ms: 0.265
  ...
ok 533 - test-next-tick-domain.js
  ---
  duration_ms: 0.267
  ...
ok 534 - test-next-tick-errors.js
  ---
  duration_ms: 0.266
  ...
ok 535 - test-next-tick-intentional-starvation.js
  ---
  duration_ms: 0.419
  ...
ok 536 - test-next-tick-ordering.js
  ---
  duration_ms: 0.329
  ...
ok 537 - test-next-tick-ordering2.js
  ---
  duration_ms: 0.270
  ...
ok 538 - test-os.js
  ---
  duration_ms: 0.266
  ...
ok 539 - test-os-homedir-no-envvar.js
  ---
  duration_ms: 0.513
  ...
ok 540 - test-path.js
  ---
  duration_ms: 0.268
  ...
ok 541 - test-path-makelong.js
  ---
  duration_ms: 0.223
  ...
ok 542 - test-path-parse-format.js
  ---
  duration_ms: 0.217
  ...
ok 543 - test-path-zero-length-strings.js
  ---
  duration_ms: 0.216
  ...
ok 544 - test-pipe-file-to-http.js
  ---
  duration_ms: 1.612
  ...
ok 545 - test-pipe-return-val.js
  ---
  duration_ms: 0.227
  ...
ok 546 - test-preload.js
  ---
  duration_ms: 1.517
  ...
ok 547 - test-process-argv-0.js
  ---
  duration_ms: 0.412
  ...
ok 548 - test-process-before-exit.js
  ---
  duration_ms: 0.266
  ...
ok 549 - test-process-binding.js
  ---
  duration_ms: 0.264
  ...
ok 550 - test-process-config.js
  ---
  duration_ms: 0.213
  ...
ok 551 - test-process-env.js
  ---
  duration_ms: 0.513
  ...
ok 552 - test-process-exec-argv.js
  ---
  duration_ms: 0.511
  ...
ok 553 - test-process-exit.js
  ---
  duration_ms: 0.267
  ...
ok 554 - test-process-exit-code.js
  ---
  duration_ms: 0.811
  ...
ok 555 - test-process-exit-from-before-exit.js
  ---
  duration_ms: 0.225
  ...
ok 556 - test-process-exit-recursive.js
  ---
  duration_ms: 0.214
  ...
ok 557 - test-process-getgroups.js
  ---
  duration_ms: 0.335
  ...
ok 558 - test-process-hrtime.js
  ---
  duration_ms: 0.218
  ...
ok 559 - test-process-kill-null.js
  ---
  duration_ms: 0.268
  ...
ok 560 - test-process-kill-pid.js
  ---
  duration_ms: 0.264
  ...
ok 561 - test-process-next-tick.js
  ---
  duration_ms: 0.220
  ...
ok 562 - test-process-raw-debug.js
  ---
  duration_ms: 0.522
  ...
ok 563 - test-process-remove-all-signal-listeners.js
  ---
  duration_ms: 0.429
  ...
ok 564 - test-process-versions.js
  ---
  duration_ms: 0.266
  ...
ok 565 - test-process-wrap.js
  ---
  duration_ms: 0.273
  ...
ok 566 - test-promises-unhandled-rejections.js
  ---
  duration_ms: 0.915
  ...
ok 567 - test-punycode.js
  ---
  duration_ms: 0.217
  ...
ok 568 - test-querystring.js
  ---
  duration_ms: 0.511
  ...
ok 569 - test-readdouble.js
  ---
  duration_ms: 0.264
  ...
ok 570 - test-readfloat.js
  ---
  duration_ms: 0.221
  ...
ok 571 - test-readint.js
  ---
  duration_ms: 0.215
  ...
not ok 572 - test-readline-interface.js
#(node) readline.codePointAt is deprecated. Use String.prototype.codePointAt instead.
  ---
  duration_ms: 60.28
  ...
ok 573 - test-readline-keys.js
  ---
  duration_ms: 0.169
  ...
ok 574 - test-readline-set-raw-mode.js
  ---
  duration_ms: 0.137
  ...
ok 575 - test-readuint.js
  ---
  duration_ms: 0.138
  ...
ok 576 - test-ref-unref-return.js
  ---
  duration_ms: 0.216
  ...
ok 577 - test-regress-GH-3739.js
  ---
  duration_ms: 0.169
  ...
ok 578 - test-regress-GH-4256.js
  ---
  duration_ms: 0.136
  ...
not ok 579 - test-regress-GH-5927.js
  ---
  duration_ms: 60.35
  ...
ok 580 - test-regress-GH-6235.js
  ---
  duration_ms: 0.331
  ...
ok 581 - test-regress-GH-7511.js
  ---
  duration_ms: 0.331
  ...
ok 582 - test-regress-GH-897.js
  ---
  duration_ms: 0.270
  ...
ok 583 - test-regress-GH-io-1068.js
  ---
  duration_ms: 0.265
  ...
ok 584 - test-regress-GH-io-1811.js
  ---
  duration_ms: 0.230
  ...
ok 585 - test-regress-GH-node-9326.js
  ---
  duration_ms: 0.537
  ...
ok 586 - test-regression-object-prototype.js
  ---
  duration_ms: 0.182
  ...
ok 587 - test-repl.js
  ---
  duration_ms: 0.712
  ...
ok 588 - test-repl-.save.load.js
  ---
  duration_ms: 0.813
  ...
ok 589 - test-repl-autolibs.js
  ---
  duration_ms: 0.268
  ...
ok 590 - test-repl-console.js
  ---
  duration_ms: 0.339
  ...
ok 591 - test-repl-domain.js
  ---
  duration_ms: 0.339
  ...
ok 592 - test-repl-end-emits-exit.js
  ---
  duration_ms: 0.418
  ...
ok 593 - test-repl-harmony.js
  ---
  duration_ms: 0.613
  ...
ok 594 - test-repl-mode.js
  ---
  duration_ms: 0.516
  ...
ok 595 - test-repl-options.js
  ---
  duration_ms: 0.411
  ...
not ok 596 - test-repl-require-cache.js
#> 
  ---
  duration_ms: 60.40
  ...
ok 597 - test-repl-reset-event.js
  ---
  duration_ms: 0.412
  ...
ok 598 - test-repl-setprompt.js
  ---
  duration_ms: 0.521
  ...
ok 599 - test-repl-syntax-error-handling.js
  ---
  duration_ms: 0.715
  ...
ok 600 - test-repl-tab.js
  ---
  duration_ms: 0.428
  ...
ok 601 - test-repl-tab-complete.js
  ---
  duration_ms: 2.228
  ...
ok 602 - test-repl-timeout-throw.js
  ---
  duration_ms: 0.814
  ...
ok 603 - test-repl-unexpected-token-recoverable.js
  ---
  duration_ms: 0.511
  ...
ok 604 - test-require-cache.js
  ---
  duration_ms: 0.265
  ...
ok 605 - test-require-dot.js
  ---
  duration_ms: 0.212
  ...
ok 606 - test-require-exceptions.js
  ---
  duration_ms: 0.216
  ...
ok 607 - test-require-extensions-main.js
  ---
  duration_ms: 0.214
  ...
ok 608 - test-require-extensions-same-filename-as-dir.js
  ---
  duration_ms: 0.215
  ...
ok 609 - test-require-extensions-same-filename-as-dir-trailing-slash.js
  ---
  duration_ms: 0.272
  ...
ok 610 - test-require-json.js
  ---
  duration_ms: 0.137
  ...
ok 611 - test-require-long-path.js
  ---
  duration_ms: 0.211
  ...
ok 612 - test-require-process.js
  ---
  duration_ms: 0.136
  ...
ok 613 - test-require-resolve.js
  ---
  duration_ms: 0.137
  ...
ok 614 - test-require-unicode.js
  ---
  duration_ms: 0.170
  ...
ok 615 - test-signal-handler.js
  ---
  duration_ms: 0.216
  ...
ok 616 - test-signal-safety.js
  ---
  duration_ms: 0.169
  ...
ok 617 - test-signal-unregister.js
  ---
  duration_ms: 0.328
  ...
ok 618 - test-stdin-hang.js
  ---
  duration_ms: 0.170
  ...
ok 619 - test-stdin-pause-resume.js
  ---
  duration_ms: 0.137
  ...
not ok 620 - test-stdin-pause-resume-sync.js
#before opening stdin
#stdin opened
#pausing stdin
#opening again
#pausing again
#should exit now
  ---
  duration_ms: 60.22
  ...
not ok 621 - test-stdin-resume-pause.js
  ---
  duration_ms: 60.21
  ...
ok 622 - test-stdio-closed.js
  ---
  duration_ms: 0.329
  ...
ok 623 - test-stdio-readable-writable.js
  ---
  duration_ms: 0.136
  ...
ok 624 - test-stdout-close-unref.js
  ---
  duration_ms: 0.169
  ...
ok 625 - test-stream-big-packet.js
  ---
  duration_ms: 0.169
  ...
ok 626 - test-stream-big-push.js
  ---
  duration_ms: 0.136
  ...
ok 627 - test-stream-duplex.js
  ---
  duration_ms: 0.169
  ...
ok 628 - test-stream-end-paused.js
  ---
  duration_ms: 0.170
  ...
ok 629 - test-stream-ispaused.js
  ---
  duration_ms: 0.136
  ...
ok 630 - test-stream-pipe-after-end.js
  ---
  duration_ms: 0.169
  ...
ok 631 - test-stream-pipe-cleanup.js
  ---
  duration_ms: 0.169
  ...
ok 632 - test-stream-pipe-error-handling.js
  ---
  duration_ms: 0.170
  ...
ok 633 - test-stream-pipe-event.js
  ---
  duration_ms: 0.137
  ...
ok 634 - test-stream-push-order.js
  ---
  duration_ms: 0.170
  ...
ok 635 - test-stream-push-strings.js
  ---
  duration_ms: 0.262
  ...
ok 636 - test-stream-readable-constructor-set-methods.js
  ---
  duration_ms: 0.136
  ...
ok 637 - test-stream-readable-event.js
  ---
  duration_ms: 0.169
  ...
ok 638 - test-stream-readable-flow-recursion.js
  ---
  duration_ms: 0.136
  ...
ok 639 - test-stream-transform-constructor-set-methods.js
  ---
  duration_ms: 0.169
  ...
ok 640 - test-stream-transform-objectmode-falsey-value.js
  ---
  duration_ms: 0.212
  ...
ok 641 - test-stream-transform-split-objectmode.js
  ---
  duration_ms: 0.169
  ...
ok 642 - test-stream-unshift-empty-chunk.js
  ---
  duration_ms: 0.211
  ...
ok 643 - test-stream-unshift-read-race.js
  ---
  duration_ms: 0.169
  ...
ok 644 - test-stream-wrap.js
  ---
  duration_ms: 0.136
  ...
ok 645 - test-stream-writable-change-default-encoding.js
  ---
  duration_ms: 0.136
  ...
ok 646 - test-stream-writable-constructor-set-methods.js
  ---
  duration_ms: 0.170
  ...
ok 647 - test-stream-writable-decoded-encoding.js
  ---
  duration_ms: 0.136
  ...
ok 648 - test-stream-writev.js
  ---
  duration_ms: 0.170
  ...
ok 649 - test-stream2-base64-single-char-read-end.js
  ---
  duration_ms: 0.169
  ...
ok 650 - test-stream2-compatibility.js
  ---
  duration_ms: 0.136
  ...
ok 651 - test-stream2-finish-pipe.js
  ---
  duration_ms: 0.137
  ...
ok 652 - test-stream2-large-read-stall.js
  ---
  duration_ms: 0.263
  ...
ok 653 - test-stream2-objects.js
  ---
  duration_ms: 0.169
  ...
ok 654 - test-stream2-pipe-error-handling.js
  ---
  duration_ms: 0.169
  ...
ok 655 - test-stream2-pipe-error-once-listener.js
  ---
  duration_ms: 0.169
  ...
ok 656 - test-stream2-push.js
  ---
  duration_ms: 0.263
  ...
ok 657 - test-stream2-read-sync-stack.js
  ---
  duration_ms: 0.608
  ...
ok 658 - test-stream2-readable-empty-buffer-no-eof.js
  ---
  duration_ms: 0.327
  ...
ok 659 - test-stream2-readable-from-list.js
  ---
  duration_ms: 0.137
  ...
ok 660 - test-stream2-readable-legacy-drain.js
  ---
  duration_ms: 0.169
  ...
ok 661 - test-stream2-readable-non-empty-end.js
  ---
  duration_ms: 0.211
  ...
ok 662 - test-stream2-readable-wrap.js
  ---
  duration_ms: 0.211
  ...
ok 663 - test-stream2-readable-wrap-empty.js
  ---
  duration_ms: 0.138
  ...
ok 664 - test-stream2-set-encoding.js
  ---
  duration_ms: 0.217
  ...
ok 665 - test-stream2-transform.js
  ---
  duration_ms: 0.609
  ...
ok 666 - test-stream2-unpipe-drain.js
  ---
  duration_ms: 0.169
  ...
ok 667 - test-stream2-unpipe-leak.js
  ---
  duration_ms: 0.171
  ...
ok 668 - test-stream2-writable.js
  ---
  duration_ms: 1.515
  ...
ok 669 - test-stream3-pause-then-read.js
  ---
  duration_ms: 0.169
  ...
ok 670 - test-string-decoder.js
  ---
  duration_ms: 0.213
  ...
ok 671 - test-string-decoder-end.js
  ---
  duration_ms: 0.169
  ...
ok 672 - test-stringbytes-external.js
  ---
  duration_ms: 0.909
  ...
ok 673 - test-sync-io-option.js
  ---
  duration_ms: 0.409
  ...
ok 674 - test-sys.js
  ---
  duration_ms: 0.169
  ...
ok 675 - test-tcp-wrap.js
  ---
  duration_ms: 0.169
  ...
ok 676 - test-tick-processor.js # TODO : Fix flaky test
  ---
  duration_ms: 3.622
  ...
ok 677 - test-timer-close.js
  ---
  duration_ms: 0.137
  ...
ok 678 - test-timers.js
  ---
  duration_ms: 0.169
  ...
ok 679 - test-timers-args.js
  ---
  duration_ms: 0.508
  ...
ok 680 - test-timers-immediate.js
  ---
  duration_ms: 0.151
  ...
ok 681 - test-timers-immediate-queue.js
  ---
  duration_ms: 0.169
  ...
ok 682 - test-timers-linked-list.js
  ---
  duration_ms: 0.136
  ...
ok 683 - test-timers-non-integer-delay.js
  ---
  duration_ms: 0.262
  ...
ok 684 - test-timers-now.js
  ---
  duration_ms: 0.136
  ...
ok 685 - test-timers-ordering.js
  ---
  duration_ms: 0.211
  ...
ok 686 - test-timers-this.js
  ---
  duration_ms: 0.136
  ...
ok 687 - test-timers-uncaught-exception.js
  ---
  duration_ms: 0.265
  ...
ok 688 - test-timers-unref.js
  ---
  duration_ms: 0.328
  ...
ok 689 - test-timers-unref-call.js
  ---
  duration_ms: 0.169
  ...
ok 690 - test-timers-unref-leak.js
  ---
  duration_ms: 0.211
  ...
ok 691 - test-timers-unrefd-interval-still-fires.js
  ---
  duration_ms: 0.330
  ...
ok 692 - test-timers-zero-timeout.js
  ---
  duration_ms: 0.215
  ...
ok 693 - test-tls-0-dns-altname.js
  ---
  duration_ms: 0.211
  ...
ok 694 - test-tls-alert.js
  ---
  duration_ms: 0.264
  ...
ok 695 - test-tls-alert-handling.js
  ---
  duration_ms: 0.263
  ...
ok 696 - test-tls-async-cb-after-socket-end.js
  ---
  duration_ms: 0.409
  ...
ok 697 - test-tls-cert-regression.js
  ---
  duration_ms: 0.211
  ...
ok 698 - test-tls-check-server-identity.js
  ---
  duration_ms: 0.211
  ...
ok 699 - test-tls-cipher-list.js
  ---
  duration_ms: 0.509
  ...
ok 700 - test-tls-client-abort.js
  ---
  duration_ms: 0.269
  ...
ok 701 - test-tls-client-abort2.js
  ---
  duration_ms: 0.172
  ...
ok 702 - test-tls-client-default-ciphers.js
  ---
  duration_ms: 0.169
  ...
ok 703 - test-tls-client-destroy-soon.js
  ---
  duration_ms: 0.211
  ...
ok 704 - test-tls-client-reject.js
  ---
  duration_ms: 0.264
  ...
ok 705 - test-tls-client-resume.js
  ---
  duration_ms: 0.417
  ...
ok 706 - test-tls-client-verify.js
  ---
  duration_ms: 0.514
  ...
ok 707 - test-tls-close-error.js
  ---
  duration_ms: 0.412
  ...
ok 708 - test-tls-close-notify.js
  ---
  duration_ms: 0.412
  ...
ok 709 - test-tls-cnnic-whitelist.js
  ---
  duration_ms: 0.332
  ...
ok 710 - test-tls-connect.js
  ---
  duration_ms: 0.414
  ...
ok 711 - test-tls-connect-given-socket.js
  ---
  duration_ms: 0.345
  ...
ok 712 - test-tls-connect-no-host.js
  ---
  duration_ms: 0.411
  ...
ok 713 - test-tls-connect-pipe.js
  ---
  duration_ms: 0.413
  ...
ok 714 - test-tls-connect-simple.js
  ---
  duration_ms: 0.411
  ...
ok 715 - test-tls-connect-stream-writes.js
  ---
  duration_ms: 0.512
  ...
ok 716 - test-tls-delayed-attach.js
  ---
  duration_ms: 0.715
  ...
ok 717 - test-tls-delayed-attach-error.js
  ---
  duration_ms: 0.616
  ...
ok 718 - test-tls-destroy-whilst-write.js
  ---
  duration_ms: 0.616
  ...
ok 719 - test-tls-dhe.js
  ---
  duration_ms: 0.416
  ...
ok 720 - test-tls-ecdh.js
  ---
  duration_ms: 0.412
  ...
ok 721 - test-tls-ecdh-disable.js
  ---
  duration_ms: 0.329
  ...
ok 722 - test-tls-econnreset.js
  ---
  duration_ms: 0.343
  ...
ok 723 - test-tls-fast-writing.js
  ---
  duration_ms: 0.414
  ...
ok 724 - test-tls-friendly-error-message.js
  ---
  duration_ms: 0.336
  ...
ok 725 - test-tls-getcipher.js
  ---
  duration_ms: 0.415
  ...
ok 726 - test-tls-handshake-error.js
  ---
  duration_ms: 0.341
  ...
ok 727 - test-tls-handshake-nohang.js
  ---
  duration_ms: 0.330
  ...
ok 728 - test-tls-hello-parser-failure.js
  ---
  duration_ms: 0.413
  ...
ok 729 - test-tls-inception.js
  ---
  duration_ms: 0.411
  ...
ok 730 - test-tls-interleave.js
  ---
  duration_ms: 0.335
  ...
ok 731 - test-tls-invoke-queued.js
  ---
  duration_ms: 0.331
  ...
ok 732 - test-tls-js-stream.js
  ---
  duration_ms: 0.335
  ...
ok 733 - test-tls-junk-closes-server.js
  ---
  duration_ms: 0.339
  ...
ok 734 - test-tls-key-mismatch.js
  ---
  duration_ms: 0.332
  ...
ok 735 - test-tls-legacy-onselect.js
  ---
  duration_ms: 0.330
  ...
ok 736 - test-tls-max-send-fragment.js
  ---
  duration_ms: 0.330
  ...
ok 737 - test-tls-multi-key.js
  ---
  duration_ms: 0.411
  ...
ok 738 - test-tls-no-cert-required.js
  ---
  duration_ms: 0.265
  ...
ok 739 - test-tls-no-rsa-key.js
  ---
  duration_ms: 0.329
  ...
ok 740 - test-tls-no-sslv23.js
  ---
  duration_ms: 0.329
  ...
ok 741 - test-tls-no-sslv3.js # TODO : Fix flaky test
  ---
  duration_ms: 0.413
  ...
ok 742 - test-tls-npn-server-client.js
  ---
  duration_ms: 0.414
  ...
ok 743 - test-tls-ocsp-callback.js
  ---
  duration_ms: 0.614
  ...
ok 744 - test-tls-on-empty-socket.js
  ---
  duration_ms: 0.333
  ...
ok 745 - test-tls-over-http-tunnel.js
  ---
  duration_ms: 0.418
  ...
ok 746 - test-tls-passphrase.js
  ---
  duration_ms: 0.425
  ...
ok 747 - test-tls-pause.js
  ---
  duration_ms: 0.511
  ...
ok 748 - test-tls-peer-certificate.js
  ---
  duration_ms: 0.413
  ...
ok 749 - test-tls-peer-certificate-encoding.js
  ---
  duration_ms: 0.334
  ...
ok 750 - test-tls-peer-certificate-multi-keys.js
  ---
  duration_ms: 0.333
  ...
ok 751 - test-tls-request-timeout.js
  ---
  duration_ms: 0.514
  ...
ok 752 - test-tls-securepair-server.js
  ---
  duration_ms: 0.410
  ...
ok 753 - test-tls-server-verify.js
  ---
  duration_ms: 0.917
  ...
ok 754 - test-tls-session-cache.js
  ---
  duration_ms: 2.11
  ...
ok 755 - test-tls-set-ciphers.js
  ---
  duration_ms: 0.329
  ...
ok 756 - test-tls-set-encoding.js
  ---
  duration_ms: 0.265
  ...
ok 757 - test-tls-sni-option.js
  ---
  duration_ms: 0.810
  ...
ok 758 - test-tls-sni-server-client.js
  ---
  duration_ms: 0.511
  ...
ok 759 - test-tls-ticket.js
  ---
  duration_ms: 0.417
  ...
ok 760 - test-tls-ticket-cluster.js
  ---
  duration_ms: 1.13
  ...
ok 761 - test-tls-timeout-server.js
  ---
  duration_ms: 0.514
  ...
ok 762 - test-tls-timeout-server-2.js
  ---
  duration_ms: 0.414
  ...
ok 763 - test-tls-wrap-timeout.js
  ---
  duration_ms: 0.719
  ...
ok 764 - test-tls-zero-clear-in.js
  ---
  duration_ms: 0.328
  ...
ok 765 - test-tty-stdout-end.js
  ---
  duration_ms: 0.223
  ...
ok 766 - test-tty-wrap.js # skip fd 1 is not a tty.
  ---
  duration_ms: 0.267
  ...
ok 767 - test-umask.js
  ---
  duration_ms: 0.269
  ...
ok 768 - test-url.js
  ---
  duration_ms: 0.419
  ...
ok 769 - test-utf8-scripts.js
  ---
  duration_ms: 0.266
  ...
ok 770 - test-util.js
  ---
  duration_ms: 0.620
  ...
ok 771 - test-util-format.js
  ---
  duration_ms: 0.265
  ...
ok 772 - test-util-inspect.js
  ---
  duration_ms: 0.421
  ...
ok 773 - test-util-log.js
  ---
  duration_ms: 0.217
  ...
ok 774 - test-v8-flag-type-check.js
  ---
  duration_ms: 0.220
  ...
ok 775 - test-v8-flags.js
  ---
  duration_ms: 0.212
  ...
ok 776 - test-v8-stats.js
  ---
  duration_ms: 0.265
  ...
ok 777 - test-vm-basic.js
  ---
  duration_ms: 0.513
  ...
ok 778 - test-vm-context.js
  ---
  duration_ms: 0.415
  ...
ok 779 - test-vm-context-async-script.js
  ---
  duration_ms: 0.217
  ...
ok 780 - test-vm-context-property-forwarding.js
  ---
  duration_ms: 0.211
  ...
ok 781 - test-vm-create-and-run-in-context.js
  ---
  duration_ms: 0.212
  ...
ok 782 - test-vm-create-context-accessors.js
  ---
  duration_ms: 0.173
  ...
ok 783 - test-vm-create-context-arg.js
  ---
  duration_ms: 0.263
  ...
ok 784 - test-vm-create-context-circular-reference.js
  ---
  duration_ms: 0.211
  ...
ok 785 - test-vm-cross-context.js
  ---
  duration_ms: 0.169
  ...
ok 786 - test-vm-debug-context.js
  ---
  duration_ms: 0.909
  ...
ok 787 - test-vm-function-declaration.js
  ---
  duration_ms: 0.169
  ...
ok 788 - test-vm-global-define-property.js
  ---
  duration_ms: 0.211
  ...
ok 789 - test-vm-global-identity.js
  ---
  duration_ms: 0.211
  ...
ok 790 - test-vm-harmony-proxies.js
  ---
  duration_ms: 0.211
  ...
ok 791 - test-vm-harmony-symbols.js
  ---
  duration_ms: 0.210
  ...
ok 792 - test-vm-is-context.js
  ---
  duration_ms: 0.263
  ...
ok 793 - test-vm-new-script-new-context.js
  ---
  duration_ms: 0.508
  ...
ok 794 - test-vm-new-script-this-context.js
  ---
  duration_ms: 0.136
  ...
ok 795 - test-vm-preserves-property.js
  ---
  duration_ms: 0.211
  ...
ok 796 - test-vm-run-in-new-context.js
  ---
  duration_ms: 0.408
  ...
ok 797 - test-vm-static-this.js
  ---
  duration_ms: 0.136
  ...
ok 798 - test-vm-symbols.js
  ---
  duration_ms: 0.169
  ...
ok 799 - test-vm-syntax-error-message.js
  ---
  duration_ms: 0.327
  ...
ok 800 - test-vm-timeout.js
  ---
  duration_ms: 0.327
  ...
ok 801 - test-writedouble.js
  ---
  duration_ms: 0.136
  ...
ok 802 - test-writefloat.js
  ---
  duration_ms: 0.136
  ...
ok 803 - test-writeint.js
  ---
  duration_ms: 0.136
  ...
ok 804 - test-writeuint.js
  ---
  duration_ms: 0.137
  ...
ok 805 - test-zlib.js
  ---
  duration_ms: 0.263
  ...
ok 806 - test-zlib-close-after-write.js
  ---
  duration_ms: 0.170
  ...
ok 807 - test-zlib-const.js
  ---
  duration_ms: 0.170
  ...
ok 808 - test-zlib-convenience-methods.js
  ---
  duration_ms: 0.170
  ...
ok 809 - test-zlib-dictionary.js
  ---
  duration_ms: 0.169
  ...
ok 810 - test-zlib-dictionary-fail.js
  ---
  duration_ms: 0.169
  ...
ok 811 - test-zlib-flush.js
  ---
  duration_ms: 0.169
  ...
ok 812 - test-zlib-from-gzip.js
  ---
  duration_ms: 0.169
  ...
ok 813 - test-zlib-from-string.js
  ---
  duration_ms: 0.169
  ...
ok 814 - test-zlib-invalid-input.js
  ---
  duration_ms: 0.170
  ...
ok 815 - test-zlib-params.js
  ---
  duration_ms: 0.170
  ...
ok 816 - test-zlib-random-byte-pipes.js
  ---
  duration_ms: 0.213
  ...
ok 817 - test-zlib-write-after-close.js
  ---
  duration_ms: 0.170
  ...
ok 818 - test-zlib-write-after-flush.js
  ---
  duration_ms: 0.169
  ...
ok 819 - test-zlib-zero-byte.js
  ---
  duration_ms: 0.170
  ...
ok 820 - hello.js
  ---
  duration_ms: 0.137
  ...
ok 821 - test.js
  ---
  duration_ms: 0.139
  ...
ok 822 - test.js
  ---
  duration_ms: 0.139
  ...
ok 823 - test.js
  ---
  duration_ms: 0.137
  ...
ok 824 - test.js
  ---
  duration_ms: 0.136
  ...
ok 825 - test.js
  ---
  duration_ms: 0.211
  ...
ok 826 - test.js
  ---
  duration_ms: 0.136
  ...
ok 827 - test.js
  ---
  duration_ms: 0.136
  ...
ok 828 - test.js
  ---
  duration_ms: 1.209
  ...
ok 829 - test.js
  ---
  duration_ms: 0.136
  ...
ok 830 - test.js
  ---
  duration_ms: 0.136
  ...
ok 831 - test.js
  ---
  duration_ms: 0.136
  ...
ok 832 - test.js
  ---
  duration_ms: 0.136
  ...
ok 833 - test.js
  ---
  duration_ms: 0.169
  ...
ok 834 - test.js
  ---
  duration_ms: 0.138
  ...
ok 835 - 2100bytes.js
  ---
  duration_ms: 0.138
  ...
ok 836 - error_exit.js
  ---
  duration_ms: 0.171
  ...
ok 837 - eval_messages.js
  ---
  duration_ms: 1.209
  ...
ok 838 - hello_world.js
  ---
  duration_ms: 0.138
  ...
ok 839 - max_tick_depth.js
  ---
  duration_ms: 0.136
  ...
ok 840 - nexttick_throw.js
  ---
  duration_ms: 0.137
  ...
ok 841 - stack_overflow.js
  ---
  duration_ms: 0.174
  ...
ok 842 - stdin_messages.js
  ---
  duration_ms: 1.310
  ...
ok 843 - throw_custom_error.js
  ---
  duration_ms: 0.136
  ...
ok 844 - throw_in_line_with_tabs.js
  ---
  duration_ms: 0.170
  ...
ok 845 - throw_non_error.js
  ---
  duration_ms: 0.136
  ...
ok 846 - throw_null.js
  ---
  duration_ms: 0.170
  ...
ok 847 - throw_undefined.js
  ---
  duration_ms: 0.136
  ...
ok 848 - timeout_throw.js
  ---
  duration_ms: 0.136
  ...
ok 849 - undefined_reference_in_new_context.js
  ---
  duration_ms: 0.211
  ...
ok 850 - vm_display_runtime_error.js
  ---
  duration_ms: 0.136
  ...
ok 851 - vm_display_syntax_error.js
  ---
  duration_ms: 0.136
  ...
ok 852 - vm_dont_display_runtime_error.js
  ---
  duration_ms: 0.136
  ...
ok 853 - vm_dont_display_syntax_error.js
  ---
  duration_ms: 0.173
  ...
ok 854 - test-chdir.js
  ---
  duration_ms: 0.136
  ...
ok 855 - test-child-process-emfile.js
  ---
  duration_ms: 0.215
  ...
ok 856 - test-child-process-execsync.js
  ---
  duration_ms: 1.223
  ...
ok 857 - test-child-process-fork-getconnections.js # TODO : Fix flaky test
  ---
  duration_ms: 0.514
  ...
ok 858 - test-cluster-listening-port.js
  ---
  duration_ms: 0.519
  ...
ok 859 - test-debug-args.js
  ---
  duration_ms: 0.267
  ...
ok 860 - test-deprecation-flags.js
  ---
  duration_ms: 0.816
  ...
ok 861 - test-force-repl.js
  ---
  duration_ms: 0.517
  ...
ok 862 - test-fs-watch.js
  ---
  duration_ms: 0.171
  ...
ok 863 - test-fs-watch-recursive.js
  ---
  duration_ms: 0.136
  ...
ok 864 - test-http-pipeline-flood.js
  ---
  duration_ms: 0.809
  ...
ok 865 - test-init.js
  ---
  duration_ms: 0.509
  ...
ok 866 - test-memory-usage-emfile.js
  ---
  duration_ms: 0.136
  ...
ok 867 - test-mkdir-rmdir.js
  ---
  duration_ms: 0.169
  ...
ok 868 - test-module-loading.js
  ---
  duration_ms: 0.330
  ...
ok 869 - test-net-GH-5504.js
  ---
  duration_ms: 0.820
  ...
ok 870 - test-net-listen-exclusive-random-ports.js
  ---
  duration_ms: 0.613
  ...
ok 871 - test-net-localport.js
  ---
  duration_ms: 0.169
  ...
ok 872 - test-net-server-address.js
  ---
  duration_ms: 0.169
  ...
ok 873 - test-net-server-bind.js
  ---
  duration_ms: 0.262
  ...
ok 874 - test-next-tick-error-spin.js
  ---
  duration_ms: 0.409
  ...
ok 875 - test-pipe.js
  ---
  duration_ms: 0.911
  ...
ok 876 - test-pipe-address.js
  ---
  duration_ms: 0.170
  ...
ok 877 - test-pipe-head.js
  ---
  duration_ms: 0.408
  ...
ok 878 - test-pipe-stream.js
  ---
  duration_ms: 0.214
  ...
ok 879 - test-pipe-unref.js
  ---
  duration_ms: 0.137
  ...
ok 880 - test-pump-file2tcp.js
  ---
  duration_ms: 0.265
  ...
ok 881 - test-pump-file2tcp-noexist.js
  ---
  duration_ms: 0.215
  ...
ok 882 - test-readdir.js
  ---
  duration_ms: 0.136
  ...
ok 883 - test-regress-GH-1531.js
  ---
  duration_ms: 0.262
  ...
ok 884 - test-regress-GH-1697.js
  ---
  duration_ms: 1.410
  ...
ok 885 - test-regress-GH-1726.js
  ---
  duration_ms: 0.809
  ...
ok 886 - test-regress-GH-1899.js
  ---
  duration_ms: 0.410
  ...
ok 887 - test-regress-GH-3542.js # skip Windows specific test.
  ---
  duration_ms: 0.174
  ...
ok 888 - test-regress-GH-4015.js
  ---
  duration_ms: 0.327
  ...
ok 889 - test-regress-GH-4027.js
  ---
  duration_ms: 0.263
  ...
ok 890 - test-regress-GH-4948.js
  ---
  duration_ms: 0.211
  ...
ok 891 - test-regress-GH-746.js
  ---
  duration_ms: 0.170
  ...
ok 892 - test-regress-GH-784.js
  ---
  duration_ms: 0.213
  ...
ok 893 - test-regress-GH-819.js
  ---
  duration_ms: 0.170
  ...
ok 894 - test-regress-GH-877.js
  ---
  duration_ms: 0.211
  ...
ok 895 - test-repl-persistent-history.js
  ---
  duration_ms: 0.609
  ...
ok 896 - test-require-cache-without-stat.js
  ---
  duration_ms: 0.264
  ...
ok 897 - test-setproctitle.js
  ---
  duration_ms: 0.328
  ...
ok 898 - test-sigint-infinite-loop.js
  ---
  duration_ms: 0.327
  ...
ok 899 - test-socket-write-after-fin.js
  ---
  duration_ms: 0.170
  ...
ok 900 - test-socket-write-after-fin-error.js
  ---
  duration_ms: 0.170
  ...
ok 901 - test-stdin-child-proc.js
  ---
  duration_ms: 0.328
  ...
ok 902 - test-stdin-from-file.js
  ---
  duration_ms: 0.327
  ...
ok 903 - test-stdin-pipe-resume.js
  ---
  duration_ms: 0.328
  ...
ok 904 - test-stdin-script-child.js
  ---
  duration_ms: 0.263
  ...
ok 905 - test-stdout-cannot-be-closed-child-process-pipe.js
  ---
  duration_ms: 0.327
  ...
ok 906 - test-stdout-close-catch.js
  ---
  duration_ms: 0.328
  ...
ok 907 - test-stdout-stderr-reading.js
  ---
  duration_ms: 0.409
  ...
ok 908 - test-stdout-to-file.js
  ---
  duration_ms: 0.608
  ...
ok 909 - test-stream2-fs.js
  ---
  duration_ms: 0.170
  ...
ok 910 - test-stream2-httpclient-response-end.js
  ---
  duration_ms: 0.211
  ...
ok 911 - test-stream2-stderr-sync.js
  ---
  duration_ms: 0.610
  ...
ok 912 - test-sync-fileread.js
  ---
  duration_ms: 0.169
  ...
ok 913 - test-tcp-wrap-connect.js
  ---
  duration_ms: 0.213
  ...
ok 914 - test-tcp-wrap-listen.js
  ---
  duration_ms: 0.169
  ...
ok 915 - test-tls-honorcipherorder.js
  ---
  duration_ms: 0.263
  ...
ok 916 - test-util-debug.js
  ---
  duration_ms: 1.17
  ...
ok 917 - test-vm-syntax-error-stderr.js
  ---
  duration_ms: 0.516
  ...
ok 918 - test-vm-timeout-rethrow.js
  ---
  duration_ms: 0.518
  ...
ok 919 - test-zerolengthbufferbug.js
  ---
  duration_ms: 0.331
  ...
